
Discarded input sections

 .data          0x0000000000000000        0x0 obj.riscv.starwars_mpu_bios/boot.o
 .bss           0x0000000000000000        0x0 obj.riscv.starwars_mpu_bios/boot.o
 .text          0x0000000000000000        0x0 obj.riscv.starwars_mpu_bios/main.o
 .data          0x0000000000000000        0x0 obj.riscv.starwars_mpu_bios/main.o
 .bss           0x0000000000000000        0x0 obj.riscv.starwars_mpu_bios/main.o
 .text._Z11irqCallbackv
                0x0000000000000000        0x2 obj.riscv.starwars_mpu_bios/main.o
 .sdata.VGHALT  0x0000000000000000        0x1 obj.riscv.starwars_mpu_bios/main.o
 .sdata.VGRESET
                0x0000000000000000        0x1 obj.riscv.starwars_mpu_bios/main.o
 .sdata.VGGO    0x0000000000000000        0x1 obj.riscv.starwars_mpu_bios/main.o
 .eh_frame      0x0000000000000000       0x74 obj.riscv.starwars_mpu_bios/main.o
 .text          0x0000000000000000        0x0 obj.riscv.starwars_mpu_bios/video.o
 .data          0x0000000000000000        0x0 obj.riscv.starwars_mpu_bios/video.o
 .bss           0x0000000000000000        0x0 obj.riscv.starwars_mpu_bios/video.o
 .text.set_color
                0x0000000000000000       0x80 obj.riscv.starwars_mpu_bios/video.o
 .rodata.set_color
                0x0000000000000000       0x20 obj.riscv.starwars_mpu_bios/video.o
 .text._Z8putpixelii
                0x0000000000000000       0x28 obj.riscv.starwars_mpu_bios/video.o
 .text.drawline
                0x0000000000000000       0x14 obj.riscv.starwars_mpu_bios/video.o
 .text._Z4vggov
                0x0000000000000000       0x12 obj.riscv.starwars_mpu_bios/video.o
 .text._Z5vgrstv
                0x0000000000000000       0x2a obj.riscv.starwars_mpu_bios/video.o
 .text._Z3OP0v  0x0000000000000000        0xc obj.riscv.starwars_mpu_bios/video.o
 .text._Z3OP1v  0x0000000000000000        0xe obj.riscv.starwars_mpu_bios/video.o
 .text._Z3OP2v  0x0000000000000000        0xe obj.riscv.starwars_mpu_bios/video.o
 .text._Z3OP3v  0x0000000000000000        0xe obj.riscv.starwars_mpu_bios/video.o
 .text._Z3ST3v  0x0000000000000000        0xe obj.riscv.starwars_mpu_bios/video.o
 .text._Z9handler_0v
                0x0000000000000000       0x30 obj.riscv.starwars_mpu_bios/video.o
 .text._Z9handler_2v
                0x0000000000000000       0x30 obj.riscv.starwars_mpu_bios/video.o
 .text._Z9handler_3v
                0x0000000000000000       0x50 obj.riscv.starwars_mpu_bios/video.o
 .text._Z18avg_common_strobe2v
                0x0000000000000000       0x7c obj.riscv.starwars_mpu_bios/video.o
 .text._Z14update_databusv
                0x0000000000000000       0x20 obj.riscv.starwars_mpu_bios/video.o
 .text._Z10state_addrv
                0x0000000000000000       0x28 obj.riscv.starwars_mpu_bios/video.o
 .sbss.m_ymin   0x0000000000000000        0x2 obj.riscv.starwars_mpu_bios/video.o
 .sbss.m_xmin   0x0000000000000000        0x2 obj.riscv.starwars_mpu_bios/video.o
 .sbss.m_dvx12  0x0000000000000000        0x1 obj.riscv.starwars_mpu_bios/video.o
 .sbss.m_ymax   0x0000000000000000        0x4 obj.riscv.starwars_mpu_bios/video.o
 .sbss.m_xmax   0x0000000000000000        0x4 obj.riscv.starwars_mpu_bios/video.o
 .eh_frame      0x0000000000000000      0x2e0 obj.riscv.starwars_mpu_bios/video.o
 .text          0x0000000000000000        0x0 obj.riscv.starwars_mpu_bios/uart.o
 .data          0x0000000000000000        0x0 obj.riscv.starwars_mpu_bios/uart.o
 .bss           0x0000000000000000        0x0 obj.riscv.starwars_mpu_bios/uart.o
 .text._Z8riscputcc
                0x0000000000000000       0x10 obj.riscv.starwars_mpu_bios/uart.o
 .eh_frame      0x0000000000000000       0x50 obj.riscv.starwars_mpu_bios/uart.o
 .text          0x0000000000000000        0x0 obj.riscv.starwars_mpu_bios/interrupts.o
 .data          0x0000000000000000        0x0 obj.riscv.starwars_mpu_bios/interrupts.o
 .bss           0x0000000000000000        0x0 obj.riscv.starwars_mpu_bios/interrupts.o
 .text._Z16EnableInterruptsv
                0x0000000000000000        0x8 obj.riscv.starwars_mpu_bios/interrupts.o
 .text._Z22timer1Interrupts_setupm
                0x0000000000000000        0x6 obj.riscv.starwars_mpu_bios/interrupts.o
 .text._Z22timer1Interrupts_resetv
                0x0000000000000000        0x8 obj.riscv.starwars_mpu_bios/interrupts.o
 .text._Z17DisableInterruptsv
                0x0000000000000000        0x6 obj.riscv.starwars_mpu_bios/interrupts.o
 .eh_frame      0x0000000000000000       0x78 obj.riscv.starwars_mpu_bios/interrupts.o
 .text          0x0000000000000000        0x0 obj.riscv.starwars_mpu_bios/riscprintf.o
 .data          0x0000000000000000        0x0 obj.riscv.starwars_mpu_bios/riscprintf.o
 .bss           0x0000000000000000        0x0 obj.riscv.starwars_mpu_bios/riscprintf.o
 .text._ZL9_out_nullcPvjj
                0x0000000000000000        0x2 obj.riscv.starwars_mpu_bios/riscprintf.o
 .text.riscprintff_
                0x0000000000000000       0x16 obj.riscv.starwars_mpu_bios/riscprintf.o
 .eh_frame      0x0000000000000000       0xf0 obj.riscv.starwars_mpu_bios/riscprintf.o
 .text          0x0000000000000000        0x0 obj.riscv.starwars_mpu_bios/timer.o
 .data          0x0000000000000000        0x0 obj.riscv.starwars_mpu_bios/timer.o
 .bss           0x0000000000000000        0x0 obj.riscv.starwars_mpu_bios/timer.o
 .text._Z8GetTimerv
                0x0000000000000000        0x6 obj.riscv.starwars_mpu_bios/timer.o
 .text._Z10CheckTimerj
                0x0000000000000000       0x16 obj.riscv.starwars_mpu_bios/timer.o
 .text._Z19Set_interrupt_Timerj
                0x0000000000000000        0x6 obj.riscv.starwars_mpu_bios/timer.o
 .text._Z9GetTimer2v
                0x0000000000000000        0x6 obj.riscv.starwars_mpu_bios/timer.o
 .text._Z14GetTimer2_fastv
                0x0000000000000000        0x6 obj.riscv.starwars_mpu_bios/timer.o
 .text._Z13RISCGetTimer1mi
                0x0000000000000000       0x14 obj.riscv.starwars_mpu_bios/timer.o
 .text._Z15RISCCheckTimer1m
                0x0000000000000000       0x14 obj.riscv.starwars_mpu_bios/timer.o
 .text._Z11CheckTimer1j
                0x0000000000000000       0x16 obj.riscv.starwars_mpu_bios/timer.o
 .text._Z13RISCGetTimer2mi
                0x0000000000000000       0x14 obj.riscv.starwars_mpu_bios/timer.o
 .text._Z15RISCCheckTimer2m
                0x0000000000000000        0xe obj.riscv.starwars_mpu_bios/timer.o
 .text._Z11CheckTimer2j
                0x0000000000000000       0x16 obj.riscv.starwars_mpu_bios/timer.o
 .text._Z21reset_interrupt_Timerv
                0x0000000000000000       0x14 obj.riscv.starwars_mpu_bios/timer.o
 .text._Z11ResetTimer1v
                0x0000000000000000       0x12 obj.riscv.starwars_mpu_bios/timer.o
 .text._Z11ResetTimer2v
                0x0000000000000000       0x12 obj.riscv.starwars_mpu_bios/timer.o
 .eh_frame      0x0000000000000000      0x168 obj.riscv.starwars_mpu_bios/timer.o
 .text          0x0000000000000000        0x0 obj.riscv.starwars_mpu_bios/atoi.o
 .data          0x0000000000000000        0x0 obj.riscv.starwars_mpu_bios/atoi.o
 .bss           0x0000000000000000        0x0 obj.riscv.starwars_mpu_bios/atoi.o
 .text.atoi     0x0000000000000000       0x3c obj.riscv.starwars_mpu_bios/atoi.o
 .text.atoi_hex
                0x0000000000000000       0x78 obj.riscv.starwars_mpu_bios/atoi.o
 .comment       0x0000000000000000       0x1c obj.riscv.starwars_mpu_bios/atoi.o
 .riscv.attributes
                0x0000000000000000       0x2b obj.riscv.starwars_mpu_bios/atoi.o
 .text          0x0000000000000000        0x0 obj.riscv.starwars_mpu_bios/bcmp.o
 .data          0x0000000000000000        0x0 obj.riscv.starwars_mpu_bios/bcmp.o
 .bss           0x0000000000000000        0x0 obj.riscv.starwars_mpu_bios/bcmp.o
 .text.bcmp     0x0000000000000000        0x8 obj.riscv.starwars_mpu_bios/bcmp.o
 .comment       0x0000000000000000       0x1c obj.riscv.starwars_mpu_bios/bcmp.o
 .riscv.attributes
                0x0000000000000000       0x2b obj.riscv.starwars_mpu_bios/bcmp.o
 .text          0x0000000000000000        0x0 obj.riscv.starwars_mpu_bios/isalpha.o
 .data          0x0000000000000000        0x0 obj.riscv.starwars_mpu_bios/isalpha.o
 .bss           0x0000000000000000        0x0 obj.riscv.starwars_mpu_bios/isalpha.o
 .text.isupper  0x0000000000000000        0xa obj.riscv.starwars_mpu_bios/isalpha.o
 .text.isalpha  0x0000000000000000        0xe obj.riscv.starwars_mpu_bios/isalpha.o
 .text.isdigit  0x0000000000000000        0xa obj.riscv.starwars_mpu_bios/isalpha.o
 .text.isspace  0x0000000000000000       0x14 obj.riscv.starwars_mpu_bios/isalpha.o
 .text.isalnum  0x0000000000000000       0x1c obj.riscv.starwars_mpu_bios/isalpha.o
 .comment       0x0000000000000000       0x1c obj.riscv.starwars_mpu_bios/isalpha.o
 .riscv.attributes
                0x0000000000000000       0x2b obj.riscv.starwars_mpu_bios/isalpha.o
 .text          0x0000000000000000        0x0 obj.riscv.starwars_mpu_bios/itoa.o
 .data          0x0000000000000000        0x0 obj.riscv.starwars_mpu_bios/itoa.o
 .bss           0x0000000000000000        0x0 obj.riscv.starwars_mpu_bios/itoa.o
 .text.itoa     0x0000000000000000       0x8e obj.riscv.starwars_mpu_bios/itoa.o
 .comment       0x0000000000000000       0x1c obj.riscv.starwars_mpu_bios/itoa.o
 .riscv.attributes
                0x0000000000000000       0x2b obj.riscv.starwars_mpu_bios/itoa.o
 .text          0x0000000000000000        0x0 obj.riscv.starwars_mpu_bios/malloc.o
 .data          0x0000000000000000        0x0 obj.riscv.starwars_mpu_bios/malloc.o
 .bss           0x0000000000000000        0x0 obj.riscv.starwars_mpu_bios/malloc.o
 .text.compact_blocks
                0x0000000000000000       0x3e obj.riscv.starwars_mpu_bios/malloc.o
 .text.malloc_init
                0x0000000000000000       0x3a obj.riscv.starwars_mpu_bios/malloc.o
 .text.malloc   0x0000000000000000       0x9a obj.riscv.starwars_mpu_bios/malloc.o
 .text.free     0x0000000000000000       0x18 obj.riscv.starwars_mpu_bios/malloc.o
 .text.calloc   0x0000000000000000        0xa obj.riscv.starwars_mpu_bios/malloc.o
 .text.malloc_largest_free_size
                0x0000000000000000       0x70 obj.riscv.starwars_mpu_bios/malloc.o
 .text.malloc_total_free
                0x0000000000000000       0x6c obj.riscv.starwars_mpu_bios/malloc.o
 .sdata.MemUnlock
                0x0000000000000000        0x4 obj.riscv.starwars_mpu_bios/malloc.o
 .sdata.MemLock
                0x0000000000000000        0x4 obj.riscv.starwars_mpu_bios/malloc.o
 .sdata.MemAllocInit
                0x0000000000000000        0x4 obj.riscv.starwars_mpu_bios/malloc.o
 .sdata.MemHeap
                0x0000000000000000        0x4 obj.riscv.starwars_mpu_bios/malloc.o
 .sdata.MemFree
                0x0000000000000000        0x4 obj.riscv.starwars_mpu_bios/malloc.o
 .comment       0x0000000000000000       0x1c obj.riscv.starwars_mpu_bios/malloc.o
 .riscv.attributes
                0x0000000000000000       0x2b obj.riscv.starwars_mpu_bios/malloc.o
 .text          0x0000000000000000        0x0 obj.riscv.starwars_mpu_bios/memchr.o
 .data          0x0000000000000000        0x0 obj.riscv.starwars_mpu_bios/memchr.o
 .bss           0x0000000000000000        0x0 obj.riscv.starwars_mpu_bios/memchr.o
 .text.memchr   0x0000000000000000       0x1e obj.riscv.starwars_mpu_bios/memchr.o
 .comment       0x0000000000000000       0x1c obj.riscv.starwars_mpu_bios/memchr.o
 .riscv.attributes
                0x0000000000000000       0x2b obj.riscv.starwars_mpu_bios/memchr.o
 .text          0x0000000000000000        0x0 obj.riscv.starwars_mpu_bios/memcmp.o
 .data          0x0000000000000000        0x0 obj.riscv.starwars_mpu_bios/memcmp.o
 .bss           0x0000000000000000        0x0 obj.riscv.starwars_mpu_bios/memcmp.o
 .text.memcmp   0x0000000000000000       0x4c obj.riscv.starwars_mpu_bios/memcmp.o
 .text.memicmp  0x0000000000000000       0x54 obj.riscv.starwars_mpu_bios/memcmp.o
 .comment       0x0000000000000000       0x1c obj.riscv.starwars_mpu_bios/memcmp.o
 .riscv.attributes
                0x0000000000000000       0x2b obj.riscv.starwars_mpu_bios/memcmp.o
 .text          0x0000000000000000        0x0 obj.riscv.starwars_mpu_bios/memcpy.o
 .data          0x0000000000000000        0x0 obj.riscv.starwars_mpu_bios/memcpy.o
 .bss           0x0000000000000000        0x0 obj.riscv.starwars_mpu_bios/memcpy.o
 .text.memcpy   0x0000000000000000       0x54 obj.riscv.starwars_mpu_bios/memcpy.o
 .text.memccpy  0x0000000000000000       0x1e obj.riscv.starwars_mpu_bios/memcpy.o
 .comment       0x0000000000000000       0x1c obj.riscv.starwars_mpu_bios/memcpy.o
 .riscv.attributes
                0x0000000000000000       0x2b obj.riscv.starwars_mpu_bios/memcpy.o
 .text          0x0000000000000000        0x0 obj.riscv.starwars_mpu_bios/memmove.o
 .data          0x0000000000000000        0x0 obj.riscv.starwars_mpu_bios/memmove.o
 .bss           0x0000000000000000        0x0 obj.riscv.starwars_mpu_bios/memmove.o
 .text.memmove  0x0000000000000000       0x9e obj.riscv.starwars_mpu_bios/memmove.o
 .comment       0x0000000000000000       0x1c obj.riscv.starwars_mpu_bios/memmove.o
 .riscv.attributes
                0x0000000000000000       0x2b obj.riscv.starwars_mpu_bios/memmove.o
 .text          0x0000000000000000        0x0 obj.riscv.starwars_mpu_bios/memset.o
 .data          0x0000000000000000        0x0 obj.riscv.starwars_mpu_bios/memset.o
 .bss           0x0000000000000000        0x0 obj.riscv.starwars_mpu_bios/memset.o
 .text.memset   0x0000000000000000       0x20 obj.riscv.starwars_mpu_bios/memset.o
 .comment       0x0000000000000000       0x1c obj.riscv.starwars_mpu_bios/memset.o
 .riscv.attributes
                0x0000000000000000       0x2b obj.riscv.starwars_mpu_bios/memset.o
 .text          0x0000000000000000        0x0 obj.riscv.starwars_mpu_bios/printf.o
 .data          0x0000000000000000        0x0 obj.riscv.starwars_mpu_bios/printf.o
 .bss           0x0000000000000000        0x0 obj.riscv.starwars_mpu_bios/printf.o
 .rodata.outnum.str1.4
                0x0000000000000000       0x25 obj.riscv.starwars_mpu_bios/printf.o
 .text.outnum   0x0000000000000000      0x21c obj.riscv.starwars_mpu_bios/printf.o
 .text.printf_register
                0x0000000000000000        0xa obj.riscv.starwars_mpu_bios/printf.o
 .text.puts     0x0000000000000000       0x40 obj.riscv.starwars_mpu_bios/printf.o
 .text.putchar  0x0000000000000000       0x26 obj.riscv.starwars_mpu_bios/printf.o
 .text.vbuf_printf
                0x0000000000000000      0x3ba obj.riscv.starwars_mpu_bios/printf.o
 .rodata.vbuf_printf
                0x0000000000000000      0x1a8 obj.riscv.starwars_mpu_bios/printf.o
 .text.printf   0x0000000000000000       0x44 obj.riscv.starwars_mpu_bios/printf.o
 .text.vsprintf
                0x0000000000000000       0x2a obj.riscv.starwars_mpu_bios/printf.o
 .text.vsnprintf
                0x0000000000000000       0x3a obj.riscv.starwars_mpu_bios/printf.o
 .text.sprintf  0x0000000000000000       0x40 obj.riscv.starwars_mpu_bios/printf.o
 .text.snprintf
                0x0000000000000000       0x5c obj.riscv.starwars_mpu_bios/printf.o
 .sdata._stdout
                0x0000000000000000        0x4 obj.riscv.starwars_mpu_bios/printf.o
 .comment       0x0000000000000000       0x1c obj.riscv.starwars_mpu_bios/printf.o
 .riscv.attributes
                0x0000000000000000       0x2b obj.riscv.starwars_mpu_bios/printf.o
 .text          0x0000000000000000        0x0 obj.riscv.starwars_mpu_bios/rindex.o
 .data          0x0000000000000000        0x0 obj.riscv.starwars_mpu_bios/rindex.o
 .bss           0x0000000000000000        0x0 obj.riscv.starwars_mpu_bios/rindex.o
 .text.rindex   0x0000000000000000       0x1e obj.riscv.starwars_mpu_bios/rindex.o
 .comment       0x0000000000000000       0x1c obj.riscv.starwars_mpu_bios/rindex.o
 .riscv.attributes
                0x0000000000000000       0x2b obj.riscv.starwars_mpu_bios/rindex.o
 .text          0x0000000000000000        0x0 obj.riscv.starwars_mpu_bios/sscanf.o
 .data          0x0000000000000000        0x0 obj.riscv.starwars_mpu_bios/sscanf.o
 .bss           0x0000000000000000        0x0 obj.riscv.starwars_mpu_bios/sscanf.o
 .text.sscanf   0x0000000000000000       0x3a obj.riscv.starwars_mpu_bios/sscanf.o
 .comment       0x0000000000000000       0x1c obj.riscv.starwars_mpu_bios/sscanf.o
 .riscv.attributes
                0x0000000000000000       0x2b obj.riscv.starwars_mpu_bios/sscanf.o
 .text          0x0000000000000000        0x0 obj.riscv.starwars_mpu_bios/stpcpy.o
 .data          0x0000000000000000        0x0 obj.riscv.starwars_mpu_bios/stpcpy.o
 .bss           0x0000000000000000        0x0 obj.riscv.starwars_mpu_bios/stpcpy.o
 .text.stpcpy   0x0000000000000000       0x3a obj.riscv.starwars_mpu_bios/stpcpy.o
 .comment       0x0000000000000000       0x1c obj.riscv.starwars_mpu_bios/stpcpy.o
 .riscv.attributes
                0x0000000000000000       0x2b obj.riscv.starwars_mpu_bios/stpcpy.o
 .text          0x0000000000000000        0x0 obj.riscv.starwars_mpu_bios/strcat.o
 .data          0x0000000000000000        0x0 obj.riscv.starwars_mpu_bios/strcat.o
 .bss           0x0000000000000000        0x0 obj.riscv.starwars_mpu_bios/strcat.o
 .text.strcat   0x0000000000000000       0x32 obj.riscv.starwars_mpu_bios/strcat.o
 .text.strncat  0x0000000000000000       0x28 obj.riscv.starwars_mpu_bios/strcat.o
 .comment       0x0000000000000000       0x1c obj.riscv.starwars_mpu_bios/strcat.o
 .riscv.attributes
                0x0000000000000000       0x2b obj.riscv.starwars_mpu_bios/strcat.o
 .text          0x0000000000000000        0x0 obj.riscv.starwars_mpu_bios/strcmp.o
 .data          0x0000000000000000        0x0 obj.riscv.starwars_mpu_bios/strcmp.o
 .bss           0x0000000000000000        0x0 obj.riscv.starwars_mpu_bios/strcmp.o
 .text.strcmp   0x0000000000000000       0x1c obj.riscv.starwars_mpu_bios/strcmp.o
 .text.strncmp  0x0000000000000000       0x26 obj.riscv.starwars_mpu_bios/strcmp.o
 .text.strcasecmp
                0x0000000000000000       0x5c obj.riscv.starwars_mpu_bios/strcmp.o
 .text.strncasecmp
                0x0000000000000000       0x70 obj.riscv.starwars_mpu_bios/strcmp.o
 .comment       0x0000000000000000       0x1c obj.riscv.starwars_mpu_bios/strcmp.o
 .riscv.attributes
                0x0000000000000000       0x2b obj.riscv.starwars_mpu_bios/strcmp.o
 .text          0x0000000000000000        0x0 obj.riscv.starwars_mpu_bios/strcpy.o
 .data          0x0000000000000000        0x0 obj.riscv.starwars_mpu_bios/strcpy.o
 .bss           0x0000000000000000        0x0 obj.riscv.starwars_mpu_bios/strcpy.o
 .text.strcpy   0x0000000000000000       0x12 obj.riscv.starwars_mpu_bios/strcpy.o
 .text.strncpy  0x0000000000000000       0x3e obj.riscv.starwars_mpu_bios/strcpy.o
 .comment       0x0000000000000000       0x1c obj.riscv.starwars_mpu_bios/strcpy.o
 .riscv.attributes
                0x0000000000000000       0x2b obj.riscv.starwars_mpu_bios/strcpy.o
 .text          0x0000000000000000        0x0 obj.riscv.starwars_mpu_bios/strlen.o
 .data          0x0000000000000000        0x0 obj.riscv.starwars_mpu_bios/strlen.o
 .bss           0x0000000000000000        0x0 obj.riscv.starwars_mpu_bios/strlen.o
 .text.strlen   0x0000000000000000       0x1a obj.riscv.starwars_mpu_bios/strlen.o
 .text.strnlen  0x0000000000000000       0x24 obj.riscv.starwars_mpu_bios/strlen.o
 .comment       0x0000000000000000       0x1c obj.riscv.starwars_mpu_bios/strlen.o
 .riscv.attributes
                0x0000000000000000       0x2b obj.riscv.starwars_mpu_bios/strlen.o
 .text          0x0000000000000000        0x0 obj.riscv.starwars_mpu_bios/stropen.o
 .data          0x0000000000000000        0x0 obj.riscv.starwars_mpu_bios/stropen.o
 .bss           0x0000000000000000        0x0 obj.riscv.starwars_mpu_bios/stropen.o
 .text.buf_getchar
                0x0000000000000000       0x14 obj.riscv.starwars_mpu_bios/stropen.o
 .text.buf_peekchar
                0x0000000000000000        0xe obj.riscv.starwars_mpu_bios/stropen.o
 .text.buf_feof
                0x0000000000000000        0xc obj.riscv.starwars_mpu_bios/stropen.o
 .text.buf_putchar
                0x0000000000000000       0x1c obj.riscv.starwars_mpu_bios/stropen.o
 .text.stropen  0x0000000000000000       0x10 obj.riscv.starwars_mpu_bios/stropen.o
 .text.strclose
                0x0000000000000000       0x1a obj.riscv.starwars_mpu_bios/stropen.o
 .data.buf_interface
                0x0000000000000000       0x1c obj.riscv.starwars_mpu_bios/stropen.o
 .comment       0x0000000000000000       0x1c obj.riscv.starwars_mpu_bios/stropen.o
 .riscv.attributes
                0x0000000000000000       0x2b obj.riscv.starwars_mpu_bios/stropen.o
 .text          0x0000000000000000        0x0 obj.riscv.starwars_mpu_bios/strpbrk.o
 .data          0x0000000000000000        0x0 obj.riscv.starwars_mpu_bios/strpbrk.o
 .bss           0x0000000000000000        0x0 obj.riscv.starwars_mpu_bios/strpbrk.o
 .text.strpbrk  0x0000000000000000       0x26 obj.riscv.starwars_mpu_bios/strpbrk.o
 .comment       0x0000000000000000       0x1c obj.riscv.starwars_mpu_bios/strpbrk.o
 .riscv.attributes
                0x0000000000000000       0x2b obj.riscv.starwars_mpu_bios/strpbrk.o
 .text          0x0000000000000000        0x0 obj.riscv.starwars_mpu_bios/strrchr.o
 .data          0x0000000000000000        0x0 obj.riscv.starwars_mpu_bios/strrchr.o
 .bss           0x0000000000000000        0x0 obj.riscv.starwars_mpu_bios/strrchr.o
 .text.strrchr  0x0000000000000000       0x1c obj.riscv.starwars_mpu_bios/strrchr.o
 .text.strchr   0x0000000000000000       0x10 obj.riscv.starwars_mpu_bios/strrchr.o
 .comment       0x0000000000000000       0x1c obj.riscv.starwars_mpu_bios/strrchr.o
 .riscv.attributes
                0x0000000000000000       0x2b obj.riscv.starwars_mpu_bios/strrchr.o
 .text          0x0000000000000000        0x0 obj.riscv.starwars_mpu_bios/strstr.o
 .data          0x0000000000000000        0x0 obj.riscv.starwars_mpu_bios/strstr.o
 .bss           0x0000000000000000        0x0 obj.riscv.starwars_mpu_bios/strstr.o
 .text.strstr   0x0000000000000000       0x38 obj.riscv.starwars_mpu_bios/strstr.o
 .comment       0x0000000000000000       0x1c obj.riscv.starwars_mpu_bios/strstr.o
 .riscv.attributes
                0x0000000000000000       0x2b obj.riscv.starwars_mpu_bios/strstr.o
 .text          0x0000000000000000        0x0 obj.riscv.starwars_mpu_bios/strtok.o
 .data          0x0000000000000000        0x0 obj.riscv.starwars_mpu_bios/strtok.o
 .bss           0x0000000000000000        0x0 obj.riscv.starwars_mpu_bios/strtok.o
 .text.strspn   0x0000000000000000       0x34 obj.riscv.starwars_mpu_bios/strtok.o
 .text.strtok   0x0000000000000000       0x66 obj.riscv.starwars_mpu_bios/strtok.o
 .sdata.lastToken.0
                0x0000000000000000        0x4 obj.riscv.starwars_mpu_bios/strtok.o
 .comment       0x0000000000000000       0x1c obj.riscv.starwars_mpu_bios/strtok.o
 .riscv.attributes
                0x0000000000000000       0x2b obj.riscv.starwars_mpu_bios/strtok.o
 .text          0x0000000000000000        0x0 obj.riscv.starwars_mpu_bios/strtol.o
 .data          0x0000000000000000        0x0 obj.riscv.starwars_mpu_bios/strtol.o
 .bss           0x0000000000000000        0x0 obj.riscv.starwars_mpu_bios/strtol.o
 .text.strtol   0x0000000000000000        0x2 obj.riscv.starwars_mpu_bios/strtol.o
 .comment       0x0000000000000000       0x1c obj.riscv.starwars_mpu_bios/strtol.o
 .riscv.attributes
                0x0000000000000000       0x2b obj.riscv.starwars_mpu_bios/strtol.o
 .text          0x0000000000000000        0x0 obj.riscv.starwars_mpu_bios/tolower.o
 .data          0x0000000000000000        0x0 obj.riscv.starwars_mpu_bios/tolower.o
 .bss           0x0000000000000000        0x0 obj.riscv.starwars_mpu_bios/tolower.o
 .text.tolower  0x0000000000000000       0x10 obj.riscv.starwars_mpu_bios/tolower.o
 .comment       0x0000000000000000       0x1c obj.riscv.starwars_mpu_bios/tolower.o
 .riscv.attributes
                0x0000000000000000       0x2b obj.riscv.starwars_mpu_bios/tolower.o
 .text          0x0000000000000000        0x0 obj.riscv.starwars_mpu_bios/toupper.o
 .data          0x0000000000000000        0x0 obj.riscv.starwars_mpu_bios/toupper.o
 .bss           0x0000000000000000        0x0 obj.riscv.starwars_mpu_bios/toupper.o
 .text.toupper  0x0000000000000000        0xe obj.riscv.starwars_mpu_bios/toupper.o
 .comment       0x0000000000000000       0x1c obj.riscv.starwars_mpu_bios/toupper.o
 .riscv.attributes
                0x0000000000000000       0x2b obj.riscv.starwars_mpu_bios/toupper.o
 .text          0x0000000000000000        0x0 obj.riscv.starwars_mpu_bios/vscanf.o
 .data          0x0000000000000000        0x0 obj.riscv.starwars_mpu_bios/vscanf.o
 .bss           0x0000000000000000        0x0 obj.riscv.starwars_mpu_bios/vscanf.o
 .text.stream_vscanf
                0x0000000000000000      0x4c0 obj.riscv.starwars_mpu_bios/vscanf.o
 .rodata.stream_vscanf
                0x0000000000000000       0x78 obj.riscv.starwars_mpu_bios/vscanf.o
 .comment       0x0000000000000000       0x1c obj.riscv.starwars_mpu_bios/vscanf.o
 .riscv.attributes
                0x0000000000000000       0x2b obj.riscv.starwars_mpu_bios/vscanf.o

Memory Configuration

Name             Origin             Length             Attributes
RAM              0x0000000000000000 0x0000000000008000 xrw
*default*        0x0000000000000000 0xffffffffffffffff

Linker script and memory map

LOAD obj.riscv.starwars_mpu_bios/boot.o
LOAD obj.riscv.starwars_mpu_bios/main.o
LOAD obj.riscv.starwars_mpu_bios/video.o
LOAD obj.riscv.starwars_mpu_bios/uart.o
LOAD obj.riscv.starwars_mpu_bios/interrupts.o
LOAD obj.riscv.starwars_mpu_bios/riscprintf.o
LOAD obj.riscv.starwars_mpu_bios/timer.o
LOAD obj.riscv.starwars_mpu_bios/atoi.o
LOAD obj.riscv.starwars_mpu_bios/bcmp.o
LOAD obj.riscv.starwars_mpu_bios/isalpha.o
LOAD obj.riscv.starwars_mpu_bios/itoa.o
LOAD obj.riscv.starwars_mpu_bios/malloc.o
LOAD obj.riscv.starwars_mpu_bios/memchr.o
LOAD obj.riscv.starwars_mpu_bios/memcmp.o
LOAD obj.riscv.starwars_mpu_bios/memcpy.o
LOAD obj.riscv.starwars_mpu_bios/memmove.o
LOAD obj.riscv.starwars_mpu_bios/memset.o
LOAD obj.riscv.starwars_mpu_bios/printf.o
LOAD obj.riscv.starwars_mpu_bios/rindex.o
LOAD obj.riscv.starwars_mpu_bios/sscanf.o
LOAD obj.riscv.starwars_mpu_bios/stpcpy.o
LOAD obj.riscv.starwars_mpu_bios/strcat.o
LOAD obj.riscv.starwars_mpu_bios/strcmp.o
LOAD obj.riscv.starwars_mpu_bios/strcpy.o
LOAD obj.riscv.starwars_mpu_bios/strlen.o
LOAD obj.riscv.starwars_mpu_bios/stropen.o
LOAD obj.riscv.starwars_mpu_bios/strpbrk.o
LOAD obj.riscv.starwars_mpu_bios/strrchr.o
LOAD obj.riscv.starwars_mpu_bios/strstr.o
LOAD obj.riscv.starwars_mpu_bios/strtok.o
LOAD obj.riscv.starwars_mpu_bios/strtol.o
LOAD obj.riscv.starwars_mpu_bios/tolower.o
LOAD obj.riscv.starwars_mpu_bios/toupper.o
LOAD obj.riscv.starwars_mpu_bios/vscanf.o
LOAD /opt/riscv/lib/gcc/riscv32-unknown-elf/12.2.0/libgcc.a
                0x0000000000000000                BASE_ADDRESS = 0x0
                0x0000000000008000                MEM_SIZE = 0x8000
START GROUP
LOAD /opt/riscv/lib/gcc/riscv32-unknown-elf/12.2.0/libgcc.a
END GROUP

.text           0x0000000000000000     0x16a4
 *(.boot)
 .boot          0x0000000000000000       0x1c obj.riscv.starwars_mpu_bios/boot.o
 *(.boot)
 *(.text .text.*)
 .text          0x000000000000001c      0x230 obj.riscv.starwars_mpu_bios/boot.o
                0x0000000000000140                isr_vector
                0x0000000000000198                exception_return
                0x00000000000001e8                exception_syscall
                0x0000000000000242                _exit
 .text._Z4initv
                0x000000000000024c       0x2a obj.riscv.starwars_mpu_bios/main.o
                0x000000000000024c                init()
 .text._Z8mainloopv
                0x0000000000000276       0x48 obj.riscv.starwars_mpu_bios/main.o
                0x0000000000000276                mainloop()
 .text.startup.main
                0x00000000000002be       0x14 obj.riscv.starwars_mpu_bios/main.o
                0x00000000000002be                main
 .text.drawline.part.0
                0x00000000000002d2      0x1da obj.riscv.starwars_mpu_bios/video.o
 .text.clearpixel
                0x00000000000004ac       0x1e obj.riscv.starwars_mpu_bios/video.o
                0x00000000000004ac                clearpixel
 .text._Z9handler_1v
                0x00000000000004ca       0x4e obj.riscv.starwars_mpu_bios/video.o
                0x00000000000004ca                handler_1()
 .text._Z9handler_4v
                0x0000000000000518      0x102 obj.riscv.starwars_mpu_bios/video.o
                0x0000000000000518                handler_4()
 .text._Z18avg_common_strobe1v
                0x000000000000061a       0x32 obj.riscv.starwars_mpu_bios/video.o
                0x000000000000061a                avg_common_strobe1()
 .text._Z9handler_5v
                0x000000000000064c       0x44 obj.riscv.starwars_mpu_bios/video.o
                0x000000000000064c                handler_5()
 .text._Z18avg_common_strobe3v
                0x0000000000000690      0x11e obj.riscv.starwars_mpu_bios/video.o
                0x0000000000000690                avg_common_strobe3()
 .text._Z9handler_6v
                0x00000000000007ae       0xc4 obj.riscv.starwars_mpu_bios/video.o
                0x00000000000007ae                handler_6()
 .text._Z9handler_7v
                0x0000000000000872       0x48 obj.riscv.starwars_mpu_bios/video.o
                0x0000000000000872                handler_7()
 .text.vg_set_halt
                0x00000000000008ba       0x74 obj.riscv.starwars_mpu_bios/video.o
                0x00000000000008ba                vg_set_halt
 .text.video_start
                0x000000000000092e      0x19e obj.riscv.starwars_mpu_bios/video.o
                0x000000000000092e                video_start
 .text.riscputchar
                0x0000000000000acc       0x10 obj.riscv.starwars_mpu_bios/uart.o
                0x0000000000000acc                riscputchar
 .text.SetUART  0x0000000000000adc        0xa obj.riscv.starwars_mpu_bios/uart.o
                0x0000000000000adc                SetUART
 .text._handle_trap
                0x0000000000000ae6        0x2 obj.riscv.starwars_mpu_bios/interrupts.o
                0x0000000000000ae6                _handle_trap
 .text._ZL9_out_charcPvjj
                0x0000000000000ae8        0x6 obj.riscv.starwars_mpu_bios/riscprintf.o
 .text._ZL10_ntoa_longPFvcPvjjEPcjjmbmjjj.constprop.0
                0x0000000000000aee      0x43c obj.riscv.starwars_mpu_bios/riscprintf.o
 .text.riscprintf_
                0x0000000000000f2a      0x5aa obj.riscv.starwars_mpu_bios/riscprintf.o
                0x0000000000000f2a                riscprintf_
 .text._Z10ResetTimerv
                0x00000000000014d4       0x14 obj.riscv.starwars_mpu_bios/timer.o
                0x00000000000014d4                ResetTimer()
 .text._Z8SetTimerv
                0x00000000000014e8        0xe obj.riscv.starwars_mpu_bios/timer.o
                0x00000000000014e8                SetTimer()
 .text._Z10riscusleepi
                0x00000000000014f6        0xe obj.riscv.starwars_mpu_bios/timer.o
                0x00000000000014f6                riscusleep(int)
 *(.rodata)
 *(.rodata*)
 *fill*         0x0000000000001504        0x0 
 .rodata._Z4initv.str1.4
                0x0000000000001504        0x5 obj.riscv.starwars_mpu_bios/main.o
 *fill*         0x0000000000001509        0x3 
 .rodata._Z8mainloopv.str1.4
                0x000000000000150c       0x70 obj.riscv.starwars_mpu_bios/main.o
 .rodata.drawline.part.0.str1.4
                0x000000000000157c       0x34 obj.riscv.starwars_mpu_bios/video.o
 .rodata._Z18avg_common_strobe3v.str1.4
                0x00000000000015b0       0x2c obj.riscv.starwars_mpu_bios/video.o
 .rodata._Z9handler_6v
                0x00000000000015dc       0x20 obj.riscv.starwars_mpu_bios/video.o
 .rodata.video_start.str1.4
                0x00000000000015fc       0x44 obj.riscv.starwars_mpu_bios/video.o
 .rodata.video_start
                0x0000000000001640       0x20 obj.riscv.starwars_mpu_bios/video.o
 .rodata.riscprintf_
                0x0000000000001660       0x44 obj.riscv.starwars_mpu_bios/riscprintf.o
 *(.rdata*)
                0x00000000000016a4                . = ALIGN (0x4)

.rela.dyn       0x00000000000016a4        0x0
 .rela.text     0x00000000000016a4        0x0 obj.riscv.starwars_mpu_bios/boot.o

.data           0x00000000000016a4     0x410c
 *(.got.plt)
 *(.got)
 *(.shdata)
 *(.data .data.* .gnu.linkonce.d.*)
 .data.vram_test
                0x00000000000016a4     0x4000 obj.riscv.starwars_mpu_bios/video.o
                0x00000000000016a4                vram_test
 .data.m_prom   0x00000000000056a4      0x100 obj.riscv.starwars_mpu_bios/video.o
                0x00000000000056a4                m_prom
                0x00000000000057b0                . = ALIGN (0x10)
 *fill*         0x00000000000057a4        0xc 
 *(.lit8)
 *(.lit4)
 *(.sdata .sdata.* .gnu.linkonce.s.*)
                0x00000000000057b0                . = ALIGN (0x8)
 *(.ram)
                0x00000000000057b0                . = ALIGN (0x8)
                0x00000000000057b0                _edata = .

.bss            0x00000000000057b0     0x1038
                0x00000000000057b0                . = ALIGN (0x4)
                0x00000000000057b0                _bss_start = .
 *(.bss*)
 *(.sbss*)
 .sbss.m_ycenter
                0x00000000000057b0        0x2 obj.riscv.starwars_mpu_bios/video.o
                0x00000000000057b0                m_ycenter
 .sbss.m_xcenter
                0x00000000000057b2        0x2 obj.riscv.starwars_mpu_bios/video.o
                0x00000000000057b2                m_xcenter
 .sbss.m_ydac_xor
                0x00000000000057b4        0x2 obj.riscv.starwars_mpu_bios/video.o
                0x00000000000057b4                m_ydac_xor
 .sbss.m_xdac_xor
                0x00000000000057b6        0x2 obj.riscv.starwars_mpu_bios/video.o
                0x00000000000057b6                m_xdac_xor
 .sbss.m_color  0x00000000000057b8        0x1 obj.riscv.starwars_mpu_bios/video.o
                0x00000000000057b8                m_color
 .sbss.m_int_latch
                0x00000000000057b9        0x1 obj.riscv.starwars_mpu_bios/video.o
                0x00000000000057b9                m_int_latch
 .sbss.m_timer  0x00000000000057ba        0x2 obj.riscv.starwars_mpu_bios/video.o
                0x00000000000057ba                m_timer
 .sbss.m_dvy12  0x00000000000057bc        0x1 obj.riscv.starwars_mpu_bios/video.o
                0x00000000000057bc                m_dvy12
 *fill*         0x00000000000057bd        0x1 
 .sbss.m_ypos   0x00000000000057be        0x2 obj.riscv.starwars_mpu_bios/video.o
                0x00000000000057be                m_ypos
 .sbss.m_xpos   0x00000000000057c0        0x2 obj.riscv.starwars_mpu_bios/video.o
                0x00000000000057c0                m_xpos
 .sbss.m_ypos_old
                0x00000000000057c2        0x2 obj.riscv.starwars_mpu_bios/video.o
                0x00000000000057c2                m_ypos_old
 .sbss.m_xpos_old
                0x00000000000057c4        0x2 obj.riscv.starwars_mpu_bios/video.o
                0x00000000000057c4                m_xpos_old
 .sbss.m_op     0x00000000000057c6        0x1 obj.riscv.starwars_mpu_bios/video.o
                0x00000000000057c6                m_op
 .sbss.m_halt   0x00000000000057c7        0x1 obj.riscv.starwars_mpu_bios/video.o
                0x00000000000057c7                m_halt
 .sbss.color_mux
                0x00000000000057c8        0x2 obj.riscv.starwars_mpu_bios/video.o
                0x00000000000057c8                color_mux
 *fill*         0x00000000000057ca        0x2 
 .sbss.cycles   0x00000000000057cc        0x4 obj.riscv.starwars_mpu_bios/video.o
                0x00000000000057cc                cycles
 .sbss.m_intensity
                0x00000000000057d0        0x1 obj.riscv.starwars_mpu_bios/video.o
                0x00000000000057d0                m_intensity
 .sbss.m_scale  0x00000000000057d1        0x1 obj.riscv.starwars_mpu_bios/video.o
                0x00000000000057d1                m_scale
 .sbss.m_state_latch
                0x00000000000057d2        0x1 obj.riscv.starwars_mpu_bios/video.o
                0x00000000000057d2                m_state_latch
 .sbss.m_bin_scale
                0x00000000000057d3        0x1 obj.riscv.starwars_mpu_bios/video.o
                0x00000000000057d3                m_bin_scale
 .sbss.m_data   0x00000000000057d4        0x2 obj.riscv.starwars_mpu_bios/video.o
                0x00000000000057d4                m_data
 .sbss.m_stack_index
                0x00000000000057d6        0x1 obj.riscv.starwars_mpu_bios/video.o
                0x00000000000057d6                m_stack_index
 *fill*         0x00000000000057d7        0x1 
 .sbss.m_stack  0x00000000000057d8        0x8 obj.riscv.starwars_mpu_bios/video.o
                0x00000000000057d8                m_stack
 .sbss.m_dvy    0x00000000000057e0        0x2 obj.riscv.starwars_mpu_bios/video.o
                0x00000000000057e0                m_dvy
 .sbss.m_dvx    0x00000000000057e2        0x2 obj.riscv.starwars_mpu_bios/video.o
                0x00000000000057e2                m_dvx
 .sbss.m_sp     0x00000000000057e4        0x1 obj.riscv.starwars_mpu_bios/video.o
                0x00000000000057e4                m_sp
 *fill*         0x00000000000057e5        0x1 
 .sbss.m_pc     0x00000000000057e6        0x2 obj.riscv.starwars_mpu_bios/video.o
                0x00000000000057e6                m_pc
 *(COMMON)
                0x00000000000057e8                . = ALIGN (0x8)
                0x00000000000067e8                . = (. + 0x1000)
 *fill*         0x00000000000057e8     0x1000 
                0x00000000000067d8                _sp = (. - 0x10)
                0x00000000000067e8                . = ALIGN (0x4)
                0x00000000000067e8                _end = .

.payload
 *(.payload)
OUTPUT(build.riscv.starwars_mpu_bios/starwars_mpu_bios elf32-littleriscv)

.riscv.attributes
                0x0000000000000000       0x2f
 .riscv.attributes
                0x0000000000000000       0x2d obj.riscv.starwars_mpu_bios/boot.o
 .riscv.attributes
                0x000000000000002d       0x2b obj.riscv.starwars_mpu_bios/main.o
 .riscv.attributes
                0x0000000000000058       0x2b obj.riscv.starwars_mpu_bios/video.o
 .riscv.attributes
                0x0000000000000083       0x2b obj.riscv.starwars_mpu_bios/uart.o
 .riscv.attributes
                0x00000000000000ae       0x2b obj.riscv.starwars_mpu_bios/interrupts.o
 .riscv.attributes
                0x00000000000000d9       0x2b obj.riscv.starwars_mpu_bios/riscprintf.o
 .riscv.attributes
                0x0000000000000104       0x2b obj.riscv.starwars_mpu_bios/timer.o

.comment        0x0000000000000000       0x1b
 .comment       0x0000000000000000       0x1b obj.riscv.starwars_mpu_bios/main.o
                                         0x1c (size before relaxing)
 .comment       0x000000000000001b       0x1c obj.riscv.starwars_mpu_bios/video.o
 .comment       0x000000000000001b       0x1c obj.riscv.starwars_mpu_bios/uart.o
 .comment       0x000000000000001b       0x1c obj.riscv.starwars_mpu_bios/interrupts.o
 .comment       0x000000000000001b       0x1c obj.riscv.starwars_mpu_bios/riscprintf.o
 .comment       0x000000000000001b       0x1c obj.riscv.starwars_mpu_bios/timer.o
